true
false
nil
true is true
false is false
nil is false
